/* klp-ccp: from testsuite/ccp/unevaluated-4.c */
static int g(void)
{
	return 1;
}

static int h(void);

static int i(void)
{
	return 1;
}

static int j(void);

static int k(void)
{
	return 1;
}

static int l(void)
{
	return 1;
}

void klpp_pu_f(int x)
{
	0 || g();
	1 || h();
	x || i();

	0 && j();
	1 && k();
	x && l();
}
